******************************************************************************
                  TI ARM Linker PC v20.2.7                     
******************************************************************************
>> Linked Sun Oct 27 17:34:35 2024

OUTPUT FILE NAME:   <adc.out>
ENTRY POINT SYMBOL: "_c_int00_noinit_noargs"  address: 0000091d


MEMORY CONFIGURATION

         name            origin    length      used     unused   attr    fill
----------------------  --------  ---------  --------  --------  ----  --------
  FLASH                 00000000   00040000  000009b0  0003f650  R  X
  SRAM                  20000000   00008000  00000200  00007e00  RW X


SEGMENT ALLOCATION MAP

run origin  load origin   length   init length attrs members
----------  ----------- ---------- ----------- ----- -------
00000000    00000000    000009b0   000009b0    r-x
  00000000    00000000    0000026c   0000026c    r-- .intvecs
  0000026c    0000026c    00000744   00000744    r-x .text
20000000    20000000    00000200   00000000    rw-
  20000000    20000000    00000200   00000000    rw- .stack


SECTION ALLOCATION MAP

 output                                  attributes/
section   page    origin      length       input sections
--------  ----  ----------  ----------   ----------------
.intvecs   0    00000000    0000026c     
                  00000000    0000026c     tm4c123gh6pm_startup_ccs.obj (.intvecs)

.text      0    0000026c    00000744     
                  0000026c    000001a4     main.obj (.text)
                  00000410    00000164     uart0.obj (.text)
                  00000574    00000136     rtsv7M4_T_le_v4SPD16_eabi.lib : fd_div_t2.asm.obj (.text)
                  000006aa    00000002     --HOLE-- [fill = 0]
                  000006ac    00000104     adc0.obj (.text)
                  000007b0    000000fc     rtsv7M4_T_le_v4SPD16_eabi.lib : fd_mul_t2.asm.obj (.text)
                  000008ac    0000006e                                   : fd_tos_t2.asm.obj (.text)
                  0000091a    00000002     --HOLE-- [fill = 0]
                  0000091c    0000002c                                   : boot_cortex_m.c.obj (.text:_c_int00_noinit_noargs:_c_int00_noinit_noargs)
                  00000948    00000024     wait.obj (.text)
                  0000096c    00000020     rtsv7M4_T_le_v4SPD16_eabi.lib : u_tofd_t2.asm.obj (.text)
                  0000098c    00000010     clock.obj (.text)
                  0000099c    0000000c     tm4c123gh6pm_startup_ccs.obj (.text)
                  000009a8    00000004     rtsv7M4_T_le_v4SPD16_eabi.lib : pre_init.c.obj (.text:_system_pre_init)
                  000009ac    00000004                                   : exit.c.obj (.text:abort:abort)

.cinit     0    00000000    00000000     UNINITIALIZED

.init_array 
*          0    00000000    00000000     UNINITIALIZED

.stack     0    20000000    00000200     UNINITIALIZED
                  20000000    00000004     rtsv7M4_T_le_v4SPD16_eabi.lib : boot_cortex_m.c.obj (.stack)
                  20000004    000001fc     --HOLE--

__llvm_prf_cnts 
*          0    20000000    00000000     UNINITIALIZED

MODULE SUMMARY

       Module                         code   ro data   rw data
       ------                         ----   -------   -------
    .\
       tm4c123gh6pm_startup_ccs.obj   12     620       0      
    +--+------------------------------+------+---------+---------+
       Total:                         12     620       0      
                                                              
    .\src\
       main.obj                       420    0         0      
       uart0.obj                      356    0         0      
       adc0.obj                       260    0         0      
       wait.obj                       36     0         0      
       clock.obj                      16     0         0      
    +--+------------------------------+------+---------+---------+
       Total:                         1088   0         0      
                                                              
    C:\ti\ccs1280\ccs\tools\compiler\ti-cgt-arm_20.2.7.LTS\lib\rtsv7M4_T_le_v4SPD16_eabi.lib
       fd_div_t2.asm.obj              310    0         0      
       fd_mul_t2.asm.obj              252    0         0      
       fd_tos_t2.asm.obj              110    0         0      
       boot_cortex_m.c.obj            44     0         0      
       u_tofd_t2.asm.obj              32     0         0      
       exit.c.obj                     4      0         0      
       pre_init.c.obj                 4      0         0      
    +--+------------------------------+------+---------+---------+
       Total:                         756    0         0      
                                                              
       Stack:                         0      0         512    
    +--+------------------------------+------+---------+---------+
       Grand Total:                   1856   620       512    


GLOBAL SYMBOLS: SORTED ALPHABETICALLY BY Name 

address   name                      
-------   ----                      
000009ad  C$$EXIT                   
0000099d  ResetISR                  
20000200  __STACK_END               
00000200  __STACK_SIZE              
20000200  __STACK_TOP               
ffffffff  __TI_pprof_out_hndl       
ffffffff  __TI_prof_data_size       
ffffffff  __TI_prof_data_start      
00000000  __TI_static_base__        
000008ad  __aeabi_d2f               
00000575  __aeabi_ddiv              
000007b1  __aeabi_dmul              
0000096d  __aeabi_ui2d              
ffffffff  __binit__                 
ffffffff  __c_args__                
UNDEFED   __mpu_init                
20000000  __stack                   
20000000  __start___llvm_prf_cnts   
20000000  __stop___llvm_prf_cnts    
0000091d  _c_int00_noinit_noargs    
000009a9  _system_pre_init          
000009ad  abort                     
ffffffff  binit                     
00000000  g_pfnVectors              
00000511  getcUart0                 
000006ad  initAdc0Ss3               
0000026d  initHw                    
0000098d  initSystemClockTo40Mhz    
00000411  initUart0                 
00000525  kbhitUart0                
00000327  main                      
000002a3  numSTR                    
000004c9  putcUart0                 
000004e5  putsUart0                 
0000075f  readAdc0Ss3               
000006f3  setAdc0Ss3Log2AverageCount
00000737  setAdc0Ss3Mux             
00000485  setUart0BaudRate          
00000949  waitMicrosecond           


GLOBAL SYMBOLS: SORTED BY Symbol Address 

address   name                      
-------   ----                      
00000000  __TI_static_base__        
00000000  g_pfnVectors              
00000200  __STACK_SIZE              
0000026d  initHw                    
000002a3  numSTR                    
00000327  main                      
00000411  initUart0                 
00000485  setUart0BaudRate          
000004c9  putcUart0                 
000004e5  putsUart0                 
00000511  getcUart0                 
00000525  kbhitUart0                
00000575  __aeabi_ddiv              
000006ad  initAdc0Ss3               
000006f3  setAdc0Ss3Log2AverageCount
00000737  setAdc0Ss3Mux             
0000075f  readAdc0Ss3               
000007b1  __aeabi_dmul              
000008ad  __aeabi_d2f               
0000091d  _c_int00_noinit_noargs    
00000949  waitMicrosecond           
0000096d  __aeabi_ui2d              
0000098d  initSystemClockTo40Mhz    
0000099d  ResetISR                  
000009a9  _system_pre_init          
000009ad  C$$EXIT                   
000009ad  abort                     
20000000  __stack                   
20000000  __start___llvm_prf_cnts   
20000000  __stop___llvm_prf_cnts    
20000200  __STACK_END               
20000200  __STACK_TOP               
ffffffff  __TI_pprof_out_hndl       
ffffffff  __TI_prof_data_size       
ffffffff  __TI_prof_data_start      
ffffffff  __binit__                 
ffffffff  __c_args__                
ffffffff  binit                     
UNDEFED   __mpu_init                

[39 symbols]
