******************************************************************************
                  TI ARM Linker PC v20.2.7                     
******************************************************************************
>> Linked Wed Oct 30 22:31:43 2024

OUTPUT FILE NAME:   <brewbuddy.out>
ENTRY POINT SYMBOL: "_c_int00_noinit_noargs"  address: 00000c85


MEMORY CONFIGURATION

         name            origin    length      used     unused   attr    fill
----------------------  --------  ---------  --------  --------  ----  --------
  FLASH                 00000000   00040000  00000cd4  0003f32c  R  X
  SRAM                  20000000   00008000  00000200  00007e00  RW X


SEGMENT ALLOCATION MAP

run origin  load origin   length   init length attrs members
----------  ----------- ---------- ----------- ----- -------
00000000    00000000    00000cd4   00000cd4    r-x
  00000000    00000000    0000026c   0000026c    r-- .intvecs
  0000026c    0000026c    00000a68   00000a68    r-x .text
20000000    20000000    00000200   00000000    rw-
  20000000    20000000    00000200   00000000    rw- .stack


SECTION ALLOCATION MAP

 output                                  attributes/
section   page    origin      length       input sections
--------  ----  ----------  ----------   ----------------
.intvecs   0    00000000    0000026c     
                  00000000    0000026c     tm4c123gh6pm_startup_ccs.obj (.intvecs)

.text      0    0000026c    00000a68     
                  0000026c    0000096c     interface.obj (.text)
                  00000bd8    00000068     tick.obj (.text)
                  00000c40    00000044     main.obj (.text)
                  00000c84    0000002c     rtsv7M4_T_le_v4SPD16_eabi.lib : boot_cortex_m.c.obj (.text:_c_int00_noinit_noargs:_c_int00_noinit_noargs)
                  00000cb0    00000010     clock.obj (.text)
                  00000cc0    0000000c     tm4c123gh6pm_startup_ccs.obj (.text)
                  00000ccc    00000004     rtsv7M4_T_le_v4SPD16_eabi.lib : pre_init.c.obj (.text:_system_pre_init)
                  00000cd0    00000004                                   : exit.c.obj (.text:abort:abort)

.cinit     0    00000000    00000000     UNINITIALIZED

.init_array 
*          0    00000000    00000000     UNINITIALIZED

.stack     0    20000000    00000200     UNINITIALIZED
                  20000000    00000004     rtsv7M4_T_le_v4SPD16_eabi.lib : boot_cortex_m.c.obj (.stack)
                  20000004    000001fc     --HOLE--

__llvm_prf_cnts 
*          0    20000000    00000000     UNINITIALIZED

MODULE SUMMARY

       Module                         code   ro data   rw data
       ------                         ----   -------   -------
    .\
       tm4c123gh6pm_startup_ccs.obj   12     620       0      
    +--+------------------------------+------+---------+---------+
       Total:                         12     620       0      
                                                              
    .\src\
       interface.obj                  2412   0         0      
       tick.obj                       104    0         0      
       main.obj                       68     0         0      
       clock.obj                      16     0         0      
    +--+------------------------------+------+---------+---------+
       Total:                         2600   0         0      
                                                              
    C:\ti\ccs1280\ccs\tools\compiler\ti-cgt-arm_20.2.7.LTS\lib\rtsv7M4_T_le_v4SPD16_eabi.lib
       boot_cortex_m.c.obj            44     0         0      
       exit.c.obj                     4      0         0      
       pre_init.c.obj                 4      0         0      
    +--+------------------------------+------+---------+---------+
       Total:                         52     0         0      
                                                              
       Stack:                         0      0         512    
    +--+------------------------------+------+---------+---------+
       Grand Total:                   2664   620       512    


GLOBAL SYMBOLS: SORTED ALPHABETICALLY BY Name 

address   name                   
-------   ----                   
00000cd1  C$$EXIT                
00000cc1  ResetISR               
20000200  __STACK_END            
00000200  __STACK_SIZE           
20000200  __STACK_TOP            
ffffffff  __TI_pprof_out_hndl    
ffffffff  __TI_prof_data_size    
ffffffff  __TI_prof_data_start   
00000000  __TI_static_base__     
ffffffff  __binit__              
ffffffff  __c_args__             
UNDEFED   __mpu_init             
20000000  __stack                
20000000  __start___llvm_prf_cnts
20000000  __stop___llvm_prf_cnts 
00000c85  _c_int00_noinit_noargs 
00000ccd  _system_pre_init       
00000cd1  abort                  
ffffffff  binit                  
00000000  g_pfnVectors           
00000c41  hardware_init          
000003ff  inf_alpha              
00000499  inf_combo              
00000909  inf_doCommand          
00000719  inf_getCommand         
0000026d  inf_getUINT            
00000705  inf_getc               
00000649  inf_init               
0000054b  inf_isCommand          
0000037d  inf_number             
0000079b  inf_parseCommand       
00000315  inf_printUINT          
000006bd  inf_putc               
000006d9  inf_puts               
000005d7  inf_strCompare         
00000cb1  initSystemClockTo40Mhz 
00000c51  main                   
00000c77  tick_ISR               
00000bd9  tick_init              


GLOBAL SYMBOLS: SORTED BY Symbol Address 

address   name                   
-------   ----                   
00000000  __TI_static_base__     
00000000  g_pfnVectors           
00000200  __STACK_SIZE           
0000026d  inf_getUINT            
00000315  inf_printUINT          
0000037d  inf_number             
000003ff  inf_alpha              
00000499  inf_combo              
0000054b  inf_isCommand          
000005d7  inf_strCompare         
00000649  inf_init               
000006bd  inf_putc               
000006d9  inf_puts               
00000705  inf_getc               
00000719  inf_getCommand         
0000079b  inf_parseCommand       
00000909  inf_doCommand          
00000bd9  tick_init              
00000c41  hardware_init          
00000c51  main                   
00000c77  tick_ISR               
00000c85  _c_int00_noinit_noargs 
00000cb1  initSystemClockTo40Mhz 
00000cc1  ResetISR               
00000ccd  _system_pre_init       
00000cd1  C$$EXIT                
00000cd1  abort                  
20000000  __stack                
20000000  __start___llvm_prf_cnts
20000000  __stop___llvm_prf_cnts 
20000200  __STACK_END            
20000200  __STACK_TOP            
ffffffff  __TI_pprof_out_hndl    
ffffffff  __TI_prof_data_size    
ffffffff  __TI_prof_data_start   
ffffffff  __binit__              
ffffffff  __c_args__             
ffffffff  binit                  
UNDEFED   __mpu_init             

[39 symbols]
